[nivel1]
origen = img/background.png
mapa = .........................
       .........................
       #########################
       #..#.........$$$$$$$$$..#
       #..#...........$$#......#
       #..##$$$.......$$$$.....#
       #...........##########..#
       #.......................#
       #...#$$$$....$$$$$##....#
       #...........$$..........#
       #...........$$###.......#
       #..######$$$$$###.......#
       #..#.$$..$$$$$..#.......#
       #..#$$$..$$$$$..#.......#
       #..#.....###............#
       #..$$...................#
       #..$$##......#$$#$$$....#
       #..$$...................#
       #..$#...................#
       #########################
[.]
nombre = pasto
ux = 11
uy = 0
muro = 0

[#]
nombre = pared
ux = 3
uy = 2
muro = 1

[$]
nombre = tierra
ux = 12
uy = 4
muro = 2

[nivel2]
origen = img/background.png
mapa = .........................
       .........................
       #########################
       #..#.........$$$$$$$$$..#
       #..#...........$$#......#
       #..##$$$.......$$$$.....#
       #...........##########..#
       #.......................#
       #...#$$$$....$$$$$##....#
       #...........$$..........#
       #...........$$###.......#
       #..######$$$$$###.......#
       #..#.$$..$$$$$..#.......#
       #..#$$$..$$$$$..#.......#
       #..#.....###............#
       #..$$...................#
       #..$$##......#$$#$$$....#
       #..$$...................#
       #..$#...................#
       #########################
[.]
nombre = pasto
ux = 11
uy = 0
muro = 0

[#]
nombre = pared
ux = 3
uy = 2
muro = 1

[$]
nombre = tierra
ux = 12
uy = 4
muro = 2
